# Build up the graph from empty file and check its properties

loaded graph empty

empty contains:

unknown: a
unknown: b