# Create a graph
created graph g

# Add one node
added node n to g

# Add two edges
added edge e1 from n to n in g
added edge e2 from n to n in g

# Print the nodes in the graph and the outgoing edges from n
g contains: n
the children of n in g are: n(e1) n(e2)