# Create a graph
created graph g

# Add two nodes
added node n1 to g
added node n2 to g

# Add an edge
added edge e from n1 to n2 in g

# Print the nodes in the graph and the outgoing edges from n1
g contains: n1 n2
the children of n1 in g are: n2(e)